<?xml version="1.0"?>
<testsuites>
  <testsuite name="Chrome 40.0.2214 (Windows 7)" package="" timestamp="2015-03-05T07:51:22" id="0" hostname="ace-PC" tests="0" errors="1" failures="0" time="0">
    <properties>
      <property name="browser.fullName" value="Mozilla/5.0 (Windows NT 6.1; WOW64) AppleWebKit/537.36 (KHTML, like Gecko) Chrome/40.0.2214.111 Safari/537.36"/>
    </properties>
    <system-out><![CDATA[Chrome 40.0.2214 (Windows 7) ERROR
  Some of your tests did a full page reload!

]]></system-out>
    <system-err/>
  </testsuite>
</testsuites>
